// Jest Snapshot v1, https://goo.gl/fbAQLP

exports[`<CreateItem /> should render and match snapshot 1`] = `
<form
  className="Form-sc-1xszr8q-0 krRxky"
  data-test="form"
  onSubmit={[Function]}
>
  <DisplayError
    error={Object {}}
  />
  <fieldset
    aria-busy={false}
    disabled={false}
  >
    <label
      htmlFor="image"
    >
      Image
      <input
        id="image"
        name="image"
        onChange={[Function]}
        placeholder="Upload An Image"
        required={true}
        type="file"
      />
    </label>
    <label
      htmlFor="title"
    >
      Title
      <input
        id="title"
        name="title"
        onChange={[Function]}
        placeholder="Title"
        required={true}
        type="text"
        value=""
      />
    </label>
    <label
      htmlFor="price"
    >
      Price
      <input
        id="price"
        name="price"
        onChange={[Function]}
        required={true}
        type="number"
        value={0}
      />
    </label>
    <label
      htmlFor="description"
    >
      Description
      <textarea
        id="description"
        name="description"
        onChange={[Function]}
        placeholder="Enter A Description"
        required={true}
        value=""
      />
    </label>
  </fieldset>
  <button
    type="submit"
  >
    Submit
  </button>
</form>
`;
