// Jest Snapshot v1, https://goo.gl/fbAQLP

exports[`<TakeMyMoney /> should render and match snapshot 1`] = `
<ReactStripeCheckout
  ComponentClass="span"
  amount={15000}
  className="StripeCheckout"
  currency="USD"
  description="Order of 3 items!"
  email="Delmer.Smith@yahoo.com"
  image="dog-small.jpg"
  label="Pay With Card"
  locale="auto"
  name="Sick Fits"
  reconfigureOnUpdate={false}
  stripeKey="pk_test_XmebB427QkON6HMeQq3lAn49"
  token={[Function]}
  triggerEvent="onClick"
>
  <span
    onClick={[Function]}
  >
    <div />
  </span>
</ReactStripeCheckout>
`;
